Archive member included to satisfy reference by file (symbol)

c:/st/stm32cubeide_1.2.0/stm32cubeide/plugins/com.st.stm32cube.ide.mcu.externaltools.gnu-tools-for-stm32.7-2018-q2-update.win32_1.4.0.202007081208/tools/bin/../lib/gcc/arm-none-eabi/7.3.1/../../../../arm-none-eabi/lib/thumb/v7-m\libm.a(lib_a-sf_round.o)
                              Core/Src/DAC.o (roundf)
c:/st/stm32cubeide_1.2.0/stm32cubeide/plugins/com.st.stm32cube.ide.mcu.externaltools.gnu-tools-for-stm32.7-2018-q2-update.win32_1.4.0.202007081208/tools/bin/../lib/gcc/arm-none-eabi/7.3.1/../../../../arm-none-eabi/lib/thumb/v7-m\libc_nano.a(lib_a-errno.o)
                              Core/Src/syscalls.o (__errno)
c:/st/stm32cubeide_1.2.0/stm32cubeide/plugins/com.st.stm32cube.ide.mcu.externaltools.gnu-tools-for-stm32.7-2018-q2-update.win32_1.4.0.202007081208/tools/bin/../lib/gcc/arm-none-eabi/7.3.1/../../../../arm-none-eabi/lib/thumb/v7-m\libc_nano.a(lib_a-exit.o)
                              c:/st/stm32cubeide_1.2.0/stm32cubeide/plugins/com.st.stm32cube.ide.mcu.externaltools.gnu-tools-for-stm32.7-2018-q2-update.win32_1.4.0.202007081208/tools/bin/../lib/gcc/arm-none-eabi/7.3.1/../../../../arm-none-eabi/lib/thumb/v7-m/crt0.o (exit)
c:/st/stm32cubeide_1.2.0/stm32cubeide/plugins/com.st.stm32cube.ide.mcu.externaltools.gnu-tools-for-stm32.7-2018-q2-update.win32_1.4.0.202007081208/tools/bin/../lib/gcc/arm-none-eabi/7.3.1/../../../../arm-none-eabi/lib/thumb/v7-m\libc_nano.a(lib_a-impure.o)
                              c:/st/stm32cubeide_1.2.0/stm32cubeide/plugins/com.st.stm32cube.ide.mcu.externaltools.gnu-tools-for-stm32.7-2018-q2-update.win32_1.4.0.202007081208/tools/bin/../lib/gcc/arm-none-eabi/7.3.1/../../../../arm-none-eabi/lib/thumb/v7-m\libc_nano.a(lib_a-exit.o) (_global_impure_ptr)
c:/st/stm32cubeide_1.2.0/stm32cubeide/plugins/com.st.stm32cube.ide.mcu.externaltools.gnu-tools-for-stm32.7-2018-q2-update.win32_1.4.0.202007081208/tools/bin/../lib/gcc/arm-none-eabi/7.3.1/../../../../arm-none-eabi/lib/thumb/v7-m\libc_nano.a(lib_a-init.o)
                              c:/st/stm32cubeide_1.2.0/stm32cubeide/plugins/com.st.stm32cube.ide.mcu.externaltools.gnu-tools-for-stm32.7-2018-q2-update.win32_1.4.0.202007081208/tools/bin/../lib/gcc/arm-none-eabi/7.3.1/../../../../arm-none-eabi/lib/thumb/v7-m/crt0.o (__libc_init_array)
c:/st/stm32cubeide_1.2.0/stm32cubeide/plugins/com.st.stm32cube.ide.mcu.externaltools.gnu-tools-for-stm32.7-2018-q2-update.win32_1.4.0.202007081208/tools/bin/../lib/gcc/arm-none-eabi/7.3.1/../../../../arm-none-eabi/lib/thumb/v7-m\libc_nano.a(lib_a-memcpy-stub.o)
                              Core/Src/DAC.o (memcpy)
c:/st/stm32cubeide_1.2.0/stm32cubeide/plugins/com.st.stm32cube.ide.mcu.externaltools.gnu-tools-for-stm32.7-2018-q2-update.win32_1.4.0.202007081208/tools/bin/../lib/gcc/arm-none-eabi/7.3.1/../../../../arm-none-eabi/lib/thumb/v7-m\libc_nano.a(lib_a-memset.o)
                              c:/st/stm32cubeide_1.2.0/stm32cubeide/plugins/com.st.stm32cube.ide.mcu.externaltools.gnu-tools-for-stm32.7-2018-q2-update.win32_1.4.0.202007081208/tools/bin/../lib/gcc/arm-none-eabi/7.3.1/../../../../arm-none-eabi/lib/thumb/v7-m/crt0.o (memset)
c:/st/stm32cubeide_1.2.0/stm32cubeide/plugins/com.st.stm32cube.ide.mcu.externaltools.gnu-tools-for-stm32.7-2018-q2-update.win32_1.4.0.202007081208/tools/bin/../lib/gcc/arm-none-eabi/7.3.1/thumb/v7-m\libgcc.a(_arm_addsubdf3.o)
                              Core/Src/ADC.o (__aeabi_f2d)
c:/st/stm32cubeide_1.2.0/stm32cubeide/plugins/com.st.stm32cube.ide.mcu.externaltools.gnu-tools-for-stm32.7-2018-q2-update.win32_1.4.0.202007081208/tools/bin/../lib/gcc/arm-none-eabi/7.3.1/thumb/v7-m\libgcc.a(_arm_cmpdf2.o)
                              Core/Src/main.o (__aeabi_dcmple)
c:/st/stm32cubeide_1.2.0/stm32cubeide/plugins/com.st.stm32cube.ide.mcu.externaltools.gnu-tools-for-stm32.7-2018-q2-update.win32_1.4.0.202007081208/tools/bin/../lib/gcc/arm-none-eabi/7.3.1/thumb/v7-m\libgcc.a(_arm_addsubsf3.o)
                              c:/st/stm32cubeide_1.2.0/stm32cubeide/plugins/com.st.stm32cube.ide.mcu.externaltools.gnu-tools-for-stm32.7-2018-q2-update.win32_1.4.0.202007081208/tools/bin/../lib/gcc/arm-none-eabi/7.3.1/../../../../arm-none-eabi/lib/thumb/v7-m\libm.a(lib_a-sf_round.o) (__aeabi_fadd)
c:/st/stm32cubeide_1.2.0/stm32cubeide/plugins/com.st.stm32cube.ide.mcu.externaltools.gnu-tools-for-stm32.7-2018-q2-update.win32_1.4.0.202007081208/tools/bin/../lib/gcc/arm-none-eabi/7.3.1/thumb/v7-m\libgcc.a(_arm_muldivsf3.o)
                              Core/Src/ADC.o (__aeabi_fmul)
c:/st/stm32cubeide_1.2.0/stm32cubeide/plugins/com.st.stm32cube.ide.mcu.externaltools.gnu-tools-for-stm32.7-2018-q2-update.win32_1.4.0.202007081208/tools/bin/../lib/gcc/arm-none-eabi/7.3.1/thumb/v7-m\libgcc.a(_arm_fixunssfsi.o)
                              Core/Src/DAC.o (__aeabi_f2uiz)

Allocating common symbols
Common symbol       size              file

uwTick              0x4               Drivers/STM32F1xx_HAL_Driver/Src/stm32f1xx_hal.o
[...]
Memory Configuration

Name             Origin             Length             Attributes
RAM              0x0000000020000000 0x0000000000005000 xrw
FLASH            0x0000000008000000 0x0000000000010000 xr
*default*        0x0000000000000000 0xffffffffffffffff

Linker script and memory map

LOAD c:/st/stm32cubeide_1.2.0/stm32cubeide/plugins/com.st.stm32cube.ide.mcu.externaltools.gnu-tools-for-stm32.7-2018-q2-update.win32_1.4.0.202007081208/tools/bin/../lib/gcc/arm-none-eabi/7.3.1/thumb/v7-m/crti.o
LOAD c:/st/stm32cubeide_1.2.0/stm32cubeide/plugins/com.st.stm32cube.ide.mcu.externaltools.gnu-tools-for-stm32.7-2018-q2-update.win32_1.4.0.202007081208/tools/bin/../lib/gcc/arm-none-eabi/7.3.1/thumb/v7-m/crtbegin.o
LOAD c:/st/stm32cubeide_1.2.0/stm32cubeide/plugins/com.st.stm32cube.ide.mcu.externaltools.gnu-tools-for-stm32.7-2018-q2-update.win32_1.4.0.202007081208/tools/bin/../lib/gcc/arm-none-eabi/7.3.1/../../../../arm-none-eabi/lib/thumb/v7-m/crt0.o
LOAD Core/Src/ADC.o
LOAD Core/Src/Buttons.o
LOAD Core/Src/DAC.o
LOAD Core/Src/main.o
LOAD Core/Src/stm32f1xx_hal_msp.o
LOAD Core/Src/stm32f1xx_it.o
LOAD Core/Src/syscalls.o
LOAD Core/Src/sysmem.o
LOAD Core/Src/system_stm32f1xx.o
LOAD Core/Startup/startup_stm32f103c8tx.o
LOAD Drivers/STM32F1xx_HAL_Driver/Src/stm32f1xx_hal.o
LOAD Drivers/STM32F1xx_HAL_Driver/Src/stm32f1xx_hal_adc.o
LOAD Drivers/STM32F1xx_HAL_Driver/Src/stm32f1xx_hal_adc_ex.o
LOAD Drivers/STM32F1xx_HAL_Driver/Src/stm32f1xx_hal_cortex.o
LOAD Drivers/STM32F1xx_HAL_Driver/Src/stm32f1xx_hal_dma.o
LOAD Drivers/STM32F1xx_HAL_Driver/Src/stm32f1xx_hal_exti.o
LOAD Drivers/STM32F1xx_HAL_Driver/Src/stm32f1xx_hal_flash.o
LOAD Drivers/STM32F1xx_HAL_Driver/Src/stm32f1xx_hal_flash_ex.o
LOAD Drivers/STM32F1xx_HAL_Driver/Src/stm32f1xx_hal_gpio.o
LOAD Drivers/STM32F1xx_HAL_Driver/Src/stm32f1xx_hal_gpio_ex.o
LOAD Drivers/STM32F1xx_HAL_Driver/Src/stm32f1xx_hal_i2c.o
LOAD Drivers/STM32F1xx_HAL_Driver/Src/stm32f1xx_hal_pwr.o
LOAD Drivers/STM32F1xx_HAL_Driver/Src/stm32f1xx_hal_rcc.o
LOAD Drivers/STM32F1xx_HAL_Driver/Src/stm32f1xx_hal_rcc_ex.o
LOAD Drivers/STM32F1xx_HAL_Driver/Src/stm32f1xx_hal_tim.o
LOAD Drivers/STM32F1xx_HAL_Driver/Src/stm32f1xx_hal_tim_ex.o
START GROUP
LOAD c:/st/stm32cubeide_1.2.0/stm32cubeide/plugins/com.st.stm32cube.ide.mcu.externaltools.gnu-tools-for-stm32.7-2018-q2-update.win32_1.4.0.202007081208/tools/bin/../lib/gcc/arm-none-eabi/7.3.1/../../../../arm-none-eabi/lib/thumb/v7-m\libstdc++_nano.a
LOAD c:/st/stm32cubeide_1.2.0/stm32cubeide/plugins/com.st.stm32cube.ide.mcu.externaltools.gnu-tools-for-stm32.7-2018-q2-update.win32_1.4.0.202007081208/tools/bin/../lib/gcc/arm-none-eabi/7.3.1/../../../../arm-none-eabi/lib/thumb/v7-m\libsupc++_nano.a
END GROUP
LOAD c:/st/stm32cubeide_1.2.0/stm32cubeide/plugins/com.st.stm32cube.ide.mcu.externaltools.gnu-tools-for-stm32.7-2018-q2-update.win32_1.4.0.202007081208/tools/bin/../lib/gcc/arm-none-eabi/7.3.1/../../../../arm-none-eabi/lib/thumb/v7-m\libstdc++_nano.a
LOAD c:/st/stm32cubeide_1.2.0/stm32cubeide/plugins/com.st.stm32cube.ide.mcu.externaltools.gnu-tools-for-stm32.7-2018-q2-update.win32_1.4.0.202007081208/tools/bin/../lib/gcc/arm-none-eabi/7.3.1/../../../../arm-none-eabi/lib/thumb/v7-m\libm.a
LOAD c:/st/stm32cubeide_1.2.0/stm32cubeide/plugins/com.st.stm32cube.ide.mcu.externaltools.gnu-tools-for-stm32.7-2018-q2-update.win32_1.4.0.202007081208/tools/bin/../lib/gcc/arm-none-eabi/7.3.1/../../../../arm-none-eabi/lib/thumb/v7-m\libc_nano.a
START GROUP
LOAD c:/st/stm32cubeide_1.2.0/stm32cubeide/plugins/com.st.stm32cube.ide.mcu.externaltools.gnu-tools-for-stm32.7-2018-q2-update.win32_1.4.0.202007081208/tools/bin/../lib/gcc/arm-none-eabi/7.3.1/thumb/v7-m\libgcc.a
LOAD c:/st/stm32cubeide_1.2.0/stm32cubeide/plugins/com.st.stm32cube.ide.mcu.externaltools.gnu-tools-for-stm32.7-2018-q2-update.win32_1.4.0.202007081208/tools/bin/../lib/gcc/arm-none-eabi/7.3.1/../../../../arm-none-eabi/lib/thumb/v7-m\libc_nano.a
END GROUP
START GROUP
LOAD c:/st/stm32cubeide_1.2.0/stm32cubeide/plugins/com.st.stm32cube.ide.mcu.externaltools.gnu-tools-for-stm32.7-2018-q2-update.win32_1.4.0.202007081208/tools/bin/../lib/gcc/arm-none-eabi/7.3.1/thumb/v7-m\libgcc.a
LOAD c:/st/stm32cubeide_1.2.0/stm32cubeide/plugins/com.st.stm32cube.ide.mcu.externaltools.gnu-tools-for-stm32.7-2018-q2-update.win32_1.4.0.202007081208/tools/bin/../lib/gcc/arm-none-eabi/7.3.1/../../../../arm-none-eabi/lib/thumb/v7-m\libc_nano.a
END GROUP
LOAD c:/st/stm32cubeide_1.2.0/stm32cubeide/plugins/com.st.stm32cube.ide.mcu.externaltools.gnu-tools-for-stm32.7-2018-q2-update.win32_1.4.0.202007081208/tools/bin/../lib/gcc/arm-none-eabi/7.3.1/thumb/v7-m/crtend.o
LOAD c:/st/stm32cubeide_1.2.0/stm32cubeide/plugins/com.st.stm32cube.ide.mcu.externaltools.gnu-tools-for-stm32.7-2018-q2-update.win32_1.4.0.202007081208/tools/bin/../lib/gcc/arm-none-eabi/7.3.1/thumb/v7-m/crtn.o
                0x0000000020005000                _estack = (ORIGIN (RAM) + LENGTH (RAM))
                0x0000000000000200                _Min_Heap_Size = 0x200
                0x0000000000000400                _Min_Stack_Size = 0x400

.isr_vector     0x0000000008000000      0x10c
                0x0000000008000000                . = ALIGN (0x4)
 *(.isr_vector)
 .isr_vector    0x0000000008000000      0x10c Core/Startup/startup_stm32f103c8tx.o
                0x0000000008000000                g_pfnVectors
                0x000000000800010c                . = ALIGN (0x4)

.text           0x000000000800010c     0x3c1c
                0x000000000800010c                . = ALIGN (0x4)
 *(.text)
 .text          0x000000000800010c       0x40 c:/st/stm32cubeide_1.2.0/stm32cubeide/plugins/com.st.stm32cube.ide.mcu.externaltools.gnu-tools-for-stm32.7-2018-q2-update.win32_1.4.0.202007081208/tools/bin/../lib/gcc/arm-none-eabi/7.3.1/thumb/v7-m/crtbegin.o
 .text          0x000000000800014c      0x378 c:/st/stm32cubeide_1.2.0/stm32cubeide/plugins/com.st.stm32cube.ide.mcu.externaltools.gnu-tools-for-stm32.7-2018-q2-update.win32_1.4.0.202007081208/tools/bin/../lib/gcc/arm-none-eabi/7.3.1/thumb/v7-m\libgcc.a(_arm_addsubdf3.o)
                0x000000000800014c                __aeabi_drsub
                0x0000000008000154                __aeabi_dsub
                0x0000000008000154                __subdf3
                0x0000000008000158                __aeabi_dadd
                0x0000000008000158                __adddf3
                0x00000000080003d0                __floatunsidf
                0x00000000080003d0                __aeabi_ui2d
                0x00000000080003f0                __floatsidf
                0x00000000080003f0                __aeabi_i2d
                0x0000000008000414                __aeabi_f2d
                0x0000000008000414                __extendsfdf2
                0x0000000008000458                __floatundidf
                0x0000000008000458                __aeabi_ul2d
                0x0000000008000468                __floatdidf
                0x0000000008000468                __aeabi_l2d
 .text          0x00000000080004c4      0x110 c:/st/stm32cubeide_1.2.0/stm32cubeide/plugins/com.st.stm32cube.ide.mcu.externaltools.gnu-tools-for-stm32.7-2018-q2-update.win32_1.4.0.202007081208/tools/bin/../lib/gcc/arm-none-eabi/7.3.1/thumb/v7-m\libgcc.a(_arm_cmpdf2.o)
                0x00000000080004c4                __gtdf2
                0x00000000080004c4                __gedf2
                0x00000000080004cc                __ltdf2
                0x00000000080004cc                __ledf2
                0x00000000080004d4                __nedf2
                0x00000000080004d4                __eqdf2
                0x00000000080004d4                __cmpdf2
                0x0000000008000550                __aeabi_cdrcmple
                0x0000000008000560                __aeabi_cdcmpeq
                0x0000000008000560                __aeabi_cdcmple
                0x0000000008000570                __aeabi_dcmpeq
                0x0000000008000584                __aeabi_dcmplt
                0x0000000008000598                __aeabi_dcmple
                0x00000000080005ac                __aeabi_dcmpge
                0x00000000080005c0                __aeabi_dcmpgt
 .text          0x00000000080005d4      0x21c c:/st/stm32cubeide_1.2.0/stm32cubeide/plugins/com.st.stm32cube.ide.mcu.externaltools.gnu-tools-for-stm32.7-2018-q2-update.win32_1.4.0.202007081208/tools/bin/../lib/gcc/arm-none-eabi/7.3.1/thumb/v7-m\libgcc.a(_arm_addsubsf3.o)
                0x00000000080005d4                __aeabi_frsub
                0x00000000080005dc                __subsf3
                0x00000000080005dc                __aeabi_fsub
                0x00000000080005e0                __aeabi_fadd
                0x00000000080005e0                __addsf3
                0x0000000008000740                __aeabi_ui2f
                0x0000000008000740                __floatunsisf
                0x0000000008000748                __aeabi_i2f
                0x0000000008000748                __floatsisf
                0x0000000008000764                __aeabi_ul2f
                0x0000000008000764                __floatundisf
                0x0000000008000774                __aeabi_l2f
                0x0000000008000774                __floatdisf
 .text          0x00000000080007f0      0x2a0 c:/st/stm32cubeide_1.2.0/stm32cubeide/plugins/com.st.stm32cube.ide.mcu.externaltools.gnu-tools-for-stm32.7-2018-q2-update.win32_1.4.0.202007081208/tools/bin/../lib/gcc/arm-none-eabi/7.3.1/thumb/v7-m\libgcc.a(_arm_muldivsf3.o)
                0x00000000080007f0                __mulsf3
                0x00000000080007f0                __aeabi_fmul
                0x0000000008000958                __aeabi_fdiv
                0x0000000008000958                __divsf3
 .text          0x0000000008000a90       0x40 c:/st/stm32cubeide_1.2.0/stm32cubeide/plugins/com.st.stm32cube.ide.mcu.externaltools.gnu-tools-for-stm32.7-2018-q2-update.win32_1.4.0.202007081208/tools/bin/../lib/gcc/arm-none-eabi/7.3.1/thumb/v7-m\libgcc.a(_arm_fixunssfsi.o)
                0x0000000008000a90                __fixunssfsi
                0x0000000008000a90                __aeabi_f2uiz
 *(.text*)
 .text._ZN3ADCC2E19__ADC_HandleTypeDef
                0x0000000008000ad0       0x64 Core/Src/ADC.o
                0x0000000008000ad0                ADC::ADC(__ADC_HandleTypeDef)
                0x0000000008000ad0                ADC::ADC(__ADC_HandleTypeDef)
 .text._ZN3ADC12ADC_getValueEv
                0x0000000008000b34       0x66 Core/Src/ADC.o
                0x0000000008000b34                ADC::ADC_getValue()
 *fill*         0x0000000008000b9a        0x2 
 .text._ZN10AllButtons11readButtonsEP7buttons
                0x0000000008000b9c       0x68 Core/Src/Buttons.o
                0x0000000008000b9c                AllButtons::readButtons(buttons*)
 .text._ZN10AllButtons11checkToggleEP7buttons
                0x0000000008000c04       0xc8 Core/Src/Buttons.o
                0x0000000008000c04                AllButtons::checkToggle(buttons*)
 .text._ZSt5roundf
                0x0000000008000ccc       0x18 Core/Src/DAC.o
                0x0000000008000ccc                std::round(float)
 .text._ZN3DACC2E17I2C_HandleTypeDefh
                0x0000000008000ce4       0x68 Core/Src/DAC.o
                0x0000000008000ce4                DAC::DAC(I2C_HandleTypeDef, unsigned char)
                0x0000000008000ce4                DAC::DAC(I2C_HandleTypeDef, unsigned char)
 .text._ZN3DAC8setValueEf
                0x0000000008000d4c       0x98 Core/Src/DAC.o
                0x0000000008000d4c                DAC::setValue(float)
 .text._ZN3DAC11checkLimitsEv
                0x0000000008000de4       0x28 Core/Src/DAC.o
                0x0000000008000de4                DAC::checkLimits()
 .text._ZN10AllButtonsC2Ev
                0x0000000008000e0c       0x26 Core/Src/main.o
                0x0000000008000e0c                AllButtons::AllButtons()
                0x0000000008000e0c                AllButtons::AllButtons()
 *fill*         0x0000000008000e32        0x2 
 .text.main     0x0000000008000e34      0x130 Core/Src/main.o
                0x0000000008000e34                main
 .text._Z18SystemClock_Configv
                0x0000000008000f64       0xbe Core/Src/main.o
                0x0000000008000f64                SystemClock_Config()
 *fill*         0x0000000008001022        0x2 
 .text._ZL12MX_ADC1_Initv
                0x0000000008001024       0x90 Core/Src/main.o
 .text._ZL12MX_I2C1_Initv
                0x00000000080010b4       0x68 Core/Src/main.o
 .text._ZL12MX_TIM1_Initv
                0x000000000800111c       0xc0 Core/Src/main.o
 .text._ZL12MX_GPIO_Initv
                0x00000000080011dc       0x9c Core/Src/main.o
 .text.Error_Handler
                0x0000000008001278       0x28 Core/Src/main.o
                0x0000000008001278                Error_Handler
 .text.HAL_MspInit
                0x00000000080012a0       0x64 Core/Src/stm32f1xx_hal_msp.o
                0x00000000080012a0                HAL_MspInit
 .text.HAL_ADC_MspInit
                0x0000000008001304       0x78 Core/Src/stm32f1xx_hal_msp.o
                0x0000000008001304                HAL_ADC_MspInit
 .text.HAL_I2C_MspInit
                0x000000000800137c       0x7c Core/Src/stm32f1xx_hal_msp.o
                0x000000000800137c                HAL_I2C_MspInit
 .text.HAL_TIM_Base_MspInit
                0x00000000080013f8       0x3c Core/Src/stm32f1xx_hal_msp.o
                0x00000000080013f8                HAL_TIM_Base_MspInit
 .text.NMI_Handler
                0x0000000008001434        0xc Core/Src/stm32f1xx_it.o
                0x0000000008001434                NMI_Handler
 .text.HardFault_Handler
                0x0000000008001440        0x6 Core/Src/stm32f1xx_it.o
                0x0000000008001440                HardFault_Handler
 .text.MemManage_Handler
                0x0000000008001446        0x6 Core/Src/stm32f1xx_it.o
                0x0000000008001446                MemManage_Handler
 .text.BusFault_Handler
                0x000000000800144c        0x6 Core/Src/stm32f1xx_it.o
                0x000000000800144c                BusFault_Handler
 .text.UsageFault_Handler
                0x0000000008001452        0x6 Core/Src/stm32f1xx_it.o
                0x0000000008001452                UsageFault_Handler
 .text.SVC_Handler
                0x0000000008001458        0xc Core/Src/stm32f1xx_it.o
                0x0000000008001458                SVC_Handler
 .text.DebugMon_Handler
                0x0000000008001464        0xc Core/Src/stm32f1xx_it.o
                0x0000000008001464                DebugMon_Handler
 .text.PendSV_Handler
                0x0000000008001470        0xc Core/Src/stm32f1xx_it.o
                0x0000000008001470                PendSV_Handler
 .text.SysTick_Handler
                0x000000000800147c        0xc Core/Src/stm32f1xx_it.o
                0x000000000800147c                SysTick_Handler
 .text.SystemInit
                0x0000000008001488        0xc Core/Src/system_stm32f1xx.o
                0x0000000008001488                SystemInit
 .text.Reset_Handler
                0x0000000008001494       0x48 Core/Startup/startup_stm32f103c8tx.o
                0x0000000008001494                Reset_Handler
 .text.Default_Handler
                0x00000000080014dc        0x2 Core/Startup/startup_stm32f103c8tx.o
                0x00000000080014dc                RTC_Alarm_IRQHandler
                0x00000000080014dc                EXTI2_IRQHandler
                0x00000000080014dc                TIM1_CC_IRQHandler
                0x00000000080014dc                PVD_IRQHandler
                0x00000000080014dc                EXTI3_IRQHandler
                0x00000000080014dc                EXTI0_IRQHandler
                0x00000000080014dc                I2C2_EV_IRQHandler
                0x00000000080014dc                ADC1_2_IRQHandler
                0x00000000080014dc                SPI1_IRQHandler
                0x00000000080014dc                TAMPER_IRQHandler
                0x00000000080014dc                DMA1_Channel4_IRQHandler
                0x00000000080014dc                USART3_IRQHandler
                0x00000000080014dc                RTC_IRQHandler
                0x00000000080014dc                DMA1_Channel7_IRQHandler
                0x00000000080014dc                CAN1_RX1_IRQHandler
                0x00000000080014dc                TIM4_IRQHandler
                0x00000000080014dc                I2C1_EV_IRQHandler
                0x00000000080014dc                DMA1_Channel6_IRQHandler
                0x00000000080014dc                TIM3_IRQHandler
                0x00000000080014dc                RCC_IRQHandler
                0x00000000080014dc                TIM1_TRG_COM_IRQHandler
                0x00000000080014dc                DMA1_Channel1_IRQHandler
                0x00000000080014dc                Default_Handler
                0x00000000080014dc                EXTI15_10_IRQHandler
                0x00000000080014dc                EXTI9_5_IRQHandler
                0x00000000080014dc                SPI2_IRQHandler
                0x00000000080014dc                DMA1_Channel5_IRQHandler
                0x00000000080014dc                EXTI4_IRQHandler
                0x00000000080014dc                USB_LP_CAN1_RX0_IRQHandler
                0x00000000080014dc                USB_HP_CAN1_TX_IRQHandler
                0x00000000080014dc                DMA1_Channel3_IRQHandler
                0x00000000080014dc                TIM1_UP_IRQHandler
                0x00000000080014dc                WWDG_IRQHandler
                0x00000000080014dc                TIM2_IRQHandler
                0x00000000080014dc                TIM1_BRK_IRQHandler
                0x00000000080014dc                EXTI1_IRQHandler
                0x00000000080014dc                USART2_IRQHandler
                0x00000000080014dc                I2C2_ER_IRQHandler
                0x00000000080014dc                DMA1_Channel2_IRQHandler
                0x00000000080014dc                CAN1_SCE_IRQHandler
                0x00000000080014dc                FLASH_IRQHandler
                0x00000000080014dc                USART1_IRQHandler
                0x00000000080014dc                I2C1_ER_IRQHandler
                0x00000000080014dc                USBWakeUp_IRQHandler
 *fill*         0x00000000080014de        0x2 
 .text.HAL_Init
                0x00000000080014e0       0x2c Drivers/STM32F1xx_HAL_Driver/Src/stm32f1xx_hal.o
                0x00000000080014e0                HAL_Init
 .text.HAL_InitTick
                0x000000000800150c       0x60 Drivers/STM32F1xx_HAL_Driver/Src/stm32f1xx_hal.o
                0x000000000800150c                HAL_InitTick
 .text.HAL_IncTick
                0x000000000800156c       0x24 Drivers/STM32F1xx_HAL_Driver/Src/stm32f1xx_hal.o
                0x000000000800156c                HAL_IncTick
 .text.HAL_GetTick
                0x0000000008001590       0x14 Drivers/STM32F1xx_HAL_Driver/Src/stm32f1xx_hal.o
                0x0000000008001590                HAL_GetTick
 .text.HAL_ADC_Init
                0x00000000080015a4      0x1b0 Drivers/STM32F1xx_HAL_Driver/Src/stm32f1xx_hal_adc.o
                0x00000000080015a4                HAL_ADC_Init
 .text.HAL_ADC_Start
                0x0000000008001754      0x15c Drivers/STM32F1xx_HAL_Driver/Src/stm32f1xx_hal_adc.o
                0x0000000008001754                HAL_ADC_Start
 .text.HAL_ADC_PollForConversion
                0x00000000080018b0      0x1f4 Drivers/STM32F1xx_HAL_Driver/Src/stm32f1xx_hal_adc.o
                0x00000000080018b0                HAL_ADC_PollForConversion
 .text.HAL_ADC_GetValue
                0x0000000008001aa4       0x18 Drivers/STM32F1xx_HAL_Driver/Src/stm32f1xx_hal_adc.o
                0x0000000008001aa4                HAL_ADC_GetValue
 .text.HAL_ADC_ConfigChannel
                0x0000000008001abc      0x1f0 Drivers/STM32F1xx_HAL_Driver/Src/stm32f1xx_hal_adc.o
                0x0000000008001abc                HAL_ADC_ConfigChannel
 .text.ADC_Enable
                0x0000000008001cac       0xa4 Drivers/STM32F1xx_HAL_Driver/Src/stm32f1xx_hal_adc.o
                0x0000000008001cac                ADC_Enable
 .text.ADC_ConversionStop_Disable
                0x0000000008001d50       0x74 Drivers/STM32F1xx_HAL_Driver/Src/stm32f1xx_hal_adc.o
                0x0000000008001d50                ADC_ConversionStop_Disable
 .text.HAL_ADCEx_Calibration_Start
                0x0000000008001dc4      0x138 Drivers/STM32F1xx_HAL_Driver/Src/stm32f1xx_hal_adc_ex.o
                0x0000000008001dc4                HAL_ADCEx_Calibration_Start
 .text.__NVIC_SetPriorityGrouping
                0x0000000008001efc       0x48 Drivers/STM32F1xx_HAL_Driver/Src/stm32f1xx_hal_cortex.o
 .text.__NVIC_GetPriorityGrouping
                0x0000000008001f44       0x1c Drivers/STM32F1xx_HAL_Driver/Src/stm32f1xx_hal_cortex.o
 .text.__NVIC_SetPriority
                0x0000000008001f60       0x54 Drivers/STM32F1xx_HAL_Driver/Src/stm32f1xx_hal_cortex.o
 .text.NVIC_EncodePriority
                0x0000000008001fb4       0x64 Drivers/STM32F1xx_HAL_Driver/Src/stm32f1xx_hal_cortex.o
 .text.SysTick_Config
                0x0000000008002018       0x44 Drivers/STM32F1xx_HAL_Driver/Src/stm32f1xx_hal_cortex.o
 .text.HAL_NVIC_SetPriorityGrouping
                0x000000000800205c       0x16 Drivers/STM32F1xx_HAL_Driver/Src/stm32f1xx_hal_cortex.o
                0x000000000800205c                HAL_NVIC_SetPriorityGrouping
 .text.HAL_NVIC_SetPriority
                0x0000000008002072       0x38 Drivers/STM32F1xx_HAL_Driver/Src/stm32f1xx_hal_cortex.o
                0x0000000008002072                HAL_NVIC_SetPriority
 .text.HAL_SYSTICK_Config
                0x00000000080020aa       0x18 Drivers/STM32F1xx_HAL_Driver/Src/stm32f1xx_hal_cortex.o
                0x00000000080020aa                HAL_SYSTICK_Config
 *fill*         0x00000000080020c2        0x2 
 .text.HAL_GPIO_Init
                0x00000000080020c4      0x2b4 Drivers/STM32F1xx_HAL_Driver/Src/stm32f1xx_hal_gpio.o
                0x00000000080020c4                HAL_GPIO_Init
 .text.HAL_GPIO_ReadPin
                0x0000000008002378       0x2e Drivers/STM32F1xx_HAL_Driver/Src/stm32f1xx_hal_gpio.o
                0x0000000008002378                HAL_GPIO_ReadPin
 .text.HAL_GPIO_WritePin
                0x00000000080023a6       0x30 Drivers/STM32F1xx_HAL_Driver/Src/stm32f1xx_hal_gpio.o
                0x00000000080023a6                HAL_GPIO_WritePin
 .text.HAL_GPIO_TogglePin
                0x00000000080023d6       0x32 Drivers/STM32F1xx_HAL_Driver/Src/stm32f1xx_hal_gpio.o
                0x00000000080023d6                HAL_GPIO_TogglePin
 .text.HAL_I2C_Init
                0x0000000008002408      0x270 Drivers/STM32F1xx_HAL_Driver/Src/stm32f1xx_hal_i2c.o
                0x0000000008002408                HAL_I2C_Init
 .text.HAL_I2C_Master_Transmit
                0x0000000008002678      0x1fc Drivers/STM32F1xx_HAL_Driver/Src/stm32f1xx_hal_i2c.o
                0x0000000008002678                HAL_I2C_Master_Transmit
 .text.I2C_MasterRequestWrite
                0x0000000008002874      0x104 Drivers/STM32F1xx_HAL_Driver/Src/stm32f1xx_hal_i2c.o
 .text.I2C_WaitOnFlagUntilTimeout
                0x0000000008002978       0xae Drivers/STM32F1xx_HAL_Driver/Src/stm32f1xx_hal_i2c.o
 .text.I2C_WaitOnMasterAddressFlagUntilTimeout
                0x0000000008002a26       0xfe Drivers/STM32F1xx_HAL_Driver/Src/stm32f1xx_hal_i2c.o
 .text.I2C_WaitOnTXEFlagUntilTimeout
                0x0000000008002b24       0x82 Drivers/STM32F1xx_HAL_Driver/Src/stm32f1xx_hal_i2c.o
 .text.I2C_WaitOnBTFFlagUntilTimeout
                0x0000000008002ba6       0x82 Drivers/STM32F1xx_HAL_Driver/Src/stm32f1xx_hal_i2c.o
 .text.I2C_IsAcknowledgeFailed
                0x0000000008002c28       0x5c Drivers/STM32F1xx_HAL_Driver/Src/stm32f1xx_hal_i2c.o
 .text.HAL_RCC_OscConfig
                0x0000000008002c84      0x500 Drivers/STM32F1xx_HAL_Driver/Src/stm32f1xx_hal_rcc.o
                0x0000000008002c84                HAL_RCC_OscConfig
 .text.HAL_RCC_ClockConfig
                0x0000000008003184      0x1d4 Drivers/STM32F1xx_HAL_Driver/Src/stm32f1xx_hal_rcc.o
                0x0000000008003184                HAL_RCC_ClockConfig
 .text.HAL_RCC_GetSysClockFreq
                0x0000000008003358       0xc4 Drivers/STM32F1xx_HAL_Driver/Src/stm32f1xx_hal_rcc.o
                0x0000000008003358                HAL_RCC_GetSysClockFreq
 .text.HAL_RCC_GetHCLKFreq
                0x000000000800341c       0x14 Drivers/STM32F1xx_HAL_Driver/Src/stm32f1xx_hal_rcc.o
                0x000000000800341c                HAL_RCC_GetHCLKFreq
 .text.HAL_RCC_GetPCLK1Freq
                0x0000000008003430       0x28 Drivers/STM32F1xx_HAL_Driver/Src/stm32f1xx_hal_rcc.o
                0x0000000008003430                HAL_RCC_GetPCLK1Freq
 .text.HAL_RCC_GetPCLK2Freq
                0x0000000008003458       0x28 Drivers/STM32F1xx_HAL_Driver/Src/stm32f1xx_hal_rcc.o
                0x0000000008003458                HAL_RCC_GetPCLK2Freq
 .text.RCC_Delay
                0x0000000008003480       0x3c Drivers/STM32F1xx_HAL_Driver/Src/stm32f1xx_hal_rcc.o
 .text.HAL_RCCEx_PeriphCLKConfig
                0x00000000080034bc      0x16c Drivers/STM32F1xx_HAL_Driver/Src/stm32f1xx_hal_rcc_ex.o
                0x00000000080034bc                HAL_RCCEx_PeriphCLKConfig
 .text.HAL_RCCEx_GetPeriphCLKFreq
                0x0000000008003628      0x178 Drivers/STM32F1xx_HAL_Driver/Src/stm32f1xx_hal_rcc_ex.o
                0x0000000008003628                HAL_RCCEx_GetPeriphCLKFreq
 .text.HAL_TIM_Base_Init
                0x00000000080037a0       0x9e Drivers/STM32F1xx_HAL_Driver/Src/stm32f1xx_hal_tim.o
                0x00000000080037a0                HAL_TIM_Base_Init
 .text.HAL_TIM_ConfigClockSource
                0x000000000800383e      0x16e Drivers/STM32F1xx_HAL_Driver/Src/stm32f1xx_hal_tim.o
                0x000000000800383e                HAL_TIM_ConfigClockSource
 .text.TIM_Base_SetConfig
                0x00000000080039ac       0xc4 Drivers/STM32F1xx_HAL_Driver/Src/stm32f1xx_hal_tim.o
                0x00000000080039ac                TIM_Base_SetConfig
 .text.TIM_TI1_ConfigInputStage
                0x0000000008003a70       0x5c Drivers/STM32F1xx_HAL_Driver/Src/stm32f1xx_hal_tim.o
 .text.TIM_TI2_ConfigInputStage
                0x0000000008003acc       0x5e Drivers/STM32F1xx_HAL_Driver/Src/stm32f1xx_hal_tim.o
 .text.TIM_ITRx_SetConfig
                0x0000000008003b2a       0x34 Drivers/STM32F1xx_HAL_Driver/Src/stm32f1xx_hal_tim.o
 .text.TIM_ETR_SetConfig
                0x0000000008003b5e       0x3e Drivers/STM32F1xx_HAL_Driver/Src/stm32f1xx_hal_tim.o
                0x0000000008003b5e                TIM_ETR_SetConfig
 .text.HAL_TIMEx_MasterConfigSynchronization
                0x0000000008003b9c       0xbc Drivers/STM32F1xx_HAL_Driver/Src/stm32f1xx_hal_tim_ex.o
                0x0000000008003b9c                HAL_TIMEx_MasterConfigSynchronization
 .text.roundf   0x0000000008003c58       0x48 c:/st/stm32cubeide_1.2.0/stm32cubeide/plugins/com.st.stm32cube.ide.mcu.externaltools.gnu-tools-for-stm32.7-2018-q2-update.win32_1.4.0.202007081208/tools/bin/../lib/gcc/arm-none-eabi/7.3.1/../../../../arm-none-eabi/lib/thumb/v7-m\libm.a(lib_a-sf_round.o)
                0x0000000008003c58                roundf
 .text.__libc_init_array
                0x0000000008003ca0       0x48 c:/st/stm32cubeide_1.2.0/stm32cubeide/plugins/com.st.stm32cube.ide.mcu.externaltools.gnu-tools-for-stm32.7-2018-q2-update.win32_1.4.0.202007081208/tools/bin/../lib/gcc/arm-none-eabi/7.3.1/../../../../arm-none-eabi/lib/thumb/v7-m\libc_nano.a(lib_a-init.o)
                0x0000000008003ca0                __libc_init_array
 .text.memcpy   0x0000000008003ce8       0x16 c:/st/stm32cubeide_1.2.0/stm32cubeide/plugins/com.st.stm32cube.ide.mcu.externaltools.gnu-tools-for-stm32.7-2018-q2-update.win32_1.4.0.202007081208/tools/bin/../lib/gcc/arm-none-eabi/7.3.1/../../../../arm-none-eabi/lib/thumb/v7-m\libc_nano.a(lib_a-memcpy-stub.o)
                0x0000000008003ce8                memcpy
 .text.memset   0x0000000008003cfe       0x10 c:/st/stm32cubeide_1.2.0/stm32cubeide/plugins/com.st.stm32cube.ide.mcu.externaltools.gnu-tools-for-stm32.7-2018-q2-update.win32_1.4.0.202007081208/tools/bin/../lib/gcc/arm-none-eabi/7.3.1/../../../../arm-none-eabi/lib/thumb/v7-m\libc_nano.a(lib_a-memset.o)
                0x0000000008003cfe                memset
 *(.glue_7)
 .glue_7        0x0000000008003d0e        0x0 linker stubs
 *(.glue_7t)
 .glue_7t       0x0000000008003d0e        0x0 linker stubs
 *(.eh_frame)
 *fill*         0x0000000008003d0e        0x2 
 .eh_frame      0x0000000008003d10        0x0 c:/st/stm32cubeide_1.2.0/stm32cubeide/plugins/com.st.stm32cube.ide.mcu.externaltools.gnu-tools-for-stm32.7-2018-q2-update.win32_1.4.0.202007081208/tools/bin/../lib/gcc/arm-none-eabi/7.3.1/thumb/v7-m/crtbegin.o
 *(.init)
 .init          0x0000000008003d10        0x4 c:/st/stm32cubeide_1.2.0/stm32cubeide/plugins/com.st.stm32cube.ide.mcu.externaltools.gnu-tools-for-stm32.7-2018-q2-update.win32_1.4.0.202007081208/tools/bin/../lib/gcc/arm-none-eabi/7.3.1/thumb/v7-m/crti.o
                0x0000000008003d10                _init
 .init          0x0000000008003d14        0x8 c:/st/stm32cubeide_1.2.0/stm32cubeide/plugins/com.st.stm32cube.ide.mcu.externaltools.gnu-tools-for-stm32.7-2018-q2-update.win32_1.4.0.202007081208/tools/bin/../lib/gcc/arm-none-eabi/7.3.1/thumb/v7-m/crtn.o
 *(.fini)
 .fini          0x0000000008003d1c        0x4 c:/st/stm32cubeide_1.2.0/stm32cubeide/plugins/com.st.stm32cube.ide.mcu.externaltools.gnu-tools-for-stm32.7-2018-q2-update.win32_1.4.0.202007081208/tools/bin/../lib/gcc/arm-none-eabi/7.3.1/thumb/v7-m/crti.o
                0x0000000008003d1c                _fini
 .fini          0x0000000008003d20        0x8 c:/st/stm32cubeide_1.2.0/stm32cubeide/plugins/com.st.stm32cube.ide.mcu.externaltools.gnu-tools-for-stm32.7-2018-q2-update.win32_1.4.0.202007081208/tools/bin/../lib/gcc/arm-none-eabi/7.3.1/thumb/v7-m/crtn.o
                0x0000000008003d28                . = ALIGN (0x4)
                0x0000000008003d28                _etext = .

.vfp11_veneer   0x0000000008003d28        0x0
 .vfp11_veneer  0x0000000008003d28        0x0 linker stubs

.v4_bx          0x0000000008003d28        0x0
 .v4_bx         0x0000000008003d28        0x0 linker stubs

.iplt           0x0000000008003d28        0x0
 .iplt          0x0000000008003d28        0x0 c:/st/stm32cubeide_1.2.0/stm32cubeide/plugins/com.st.stm32cube.ide.mcu.externaltools.gnu-tools-for-stm32.7-2018-q2-update.win32_1.4.0.202007081208/tools/bin/../lib/gcc/arm-none-eabi/7.3.1/thumb/v7-m/crtbegin.o

.rodata         0x0000000008003d28       0x58
                0x0000000008003d28                . = ALIGN (0x4)
 *(.rodata)
 .rodata        0x0000000008003d28       0x15 Core/Src/main.o
 *fill*         0x0000000008003d3d        0x3 
 .rodata        0x0000000008003d40       0x12 Drivers/STM32F1xx_HAL_Driver/Src/stm32f1xx_hal_rcc.o
 *fill*         0x0000000008003d52        0x2 
 .rodata        0x0000000008003d54       0x12 Drivers/STM32F1xx_HAL_Driver/Src/stm32f1xx_hal_rcc_ex.o
 *(.rodata*)
 *fill*         0x0000000008003d66        0x2 
 .rodata.AHBPrescTable
                0x0000000008003d68       0x10 Core/Src/system_stm32f1xx.o
                0x0000000008003d68                AHBPrescTable
 .rodata.APBPrescTable
                0x0000000008003d78        0x8 Core/Src/system_stm32f1xx.o
                0x0000000008003d78                APBPrescTable
                0x0000000008003d80                . = ALIGN (0x4)

.rel.dyn        0x0000000008003d80        0x0
 .rel.iplt      0x0000000008003d80        0x0 c:/st/stm32cubeide_1.2.0/stm32cubeide/plugins/com.st.stm32cube.ide.mcu.externaltools.gnu-tools-for-stm32.7-2018-q2-update.win32_1.4.0.202007081208/tools/bin/../lib/gcc/arm-none-eabi/7.3.1/thumb/v7-m/crtbegin.o

.ARM.extab      0x0000000008003d80        0x0
                0x0000000008003d80                . = ALIGN (0x4)
 *(.ARM.extab* .gnu.linkonce.armextab.*)
                0x0000000008003d80                . = ALIGN (0x4)

.ARM            0x0000000008003d80        0x0
                0x0000000008003d80                . = ALIGN (0x4)
                0x0000000008003d80                __exidx_start = .
 *(.ARM.exidx*)
                0x0000000008003d80                __exidx_end = .
                0x0000000008003d80                . = ALIGN (0x4)

.preinit_array  0x0000000008003d80        0x0
                0x0000000008003d80                . = ALIGN (0x4)
                0x0000000008003d80                PROVIDE (__preinit_array_start = .)
 *(.preinit_array*)
                0x0000000008003d80                PROVIDE (__preinit_array_end = .)
                0x0000000008003d80                . = ALIGN (0x4)

.init_array     0x0000000008003d80        0x4
                0x0000000008003d80                . = ALIGN (0x4)
                0x0000000008003d80                PROVIDE (__init_array_start = .)
 *(SORT_BY_NAME(.init_array.*))
 *(.init_array*)
 .init_array    0x0000000008003d80        0x4 c:/st/stm32cubeide_1.2.0/stm32cubeide/plugins/com.st.stm32cube.ide.mcu.externaltools.gnu-tools-for-stm32.7-2018-q2-update.win32_1.4.0.202007081208/tools/bin/../lib/gcc/arm-none-eabi/7.3.1/thumb/v7-m/crtbegin.o
                0x0000000008003d84                PROVIDE (__init_array_end = .)
                0x0000000008003d84                . = ALIGN (0x4)

.fini_array     0x0000000008003d84        0x4
                0x0000000008003d84                . = ALIGN (0x4)
                [!provide]                        PROVIDE (__fini_array_start = .)
 *(SORT_BY_NAME(.fini_array.*))
 *(.fini_array*)
 .fini_array    0x0000000008003d84        0x4 c:/st/stm32cubeide_1.2.0/stm32cubeide/plugins/com.st.stm32cube.ide.mcu.externaltools.gnu-tools-for-stm32.7-2018-q2-update.win32_1.4.0.202007081208/tools/bin/../lib/gcc/arm-none-eabi/7.3.1/thumb/v7-m/crtbegin.o
                [!provide]                        PROVIDE (__fini_array_end = .)
                0x0000000008003d88                . = ALIGN (0x4)
                0x0000000008003d88                _sidata = LOADADDR (.data)

.data           0x0000000020000000        0xc load address 0x0000000008003d88
                0x0000000020000000                . = ALIGN (0x4)
                0x0000000020000000                _sdata = .
 *(.data)
 *(.data*)
 .data.SystemCoreClock
                0x0000000020000000        0x4 Core/Src/system_stm32f1xx.o
                0x0000000020000000                SystemCoreClock
 .data.uwTickPrio
                0x0000000020000004        0x4 Drivers/STM32F1xx_HAL_Driver/Src/stm32f1xx_hal.o
                0x0000000020000004                uwTickPrio
 .data.uwTickFreq
                0x0000000020000008        0x1 Drivers/STM32F1xx_HAL_Driver/Src/stm32f1xx_hal.o
                0x0000000020000008                uwTickFreq
                0x000000002000000c                . = ALIGN (0x4)
 *fill*         0x0000000020000009        0x3 
                0x000000002000000c                _edata = .

.igot.plt       0x000000002000000c        0x0 load address 0x0000000008003d94
 .igot.plt      0x000000002000000c        0x0 c:/st/stm32cubeide_1.2.0/stm32cubeide/plugins/com.st.stm32cube.ide.mcu.externaltools.gnu-tools-for-stm32.7-2018-q2-update.win32_1.4.0.202007081208/tools/bin/../lib/gcc/arm-none-eabi/7.3.1/thumb/v7-m/crtbegin.o
                0x000000002000000c                . = ALIGN (0x4)

.bss            0x000000002000000c       0xec load address 0x0000000008003d94
                0x000000002000000c                _sbss = .
                0x000000002000000c                __bss_start__ = _sbss
 *(.bss)
 .bss           0x000000002000000c       0x1c c:/st/stm32cubeide_1.2.0/stm32cubeide/plugins/com.st.stm32cube.ide.mcu.externaltools.gnu-tools-for-stm32.7-2018-q2-update.win32_1.4.0.202007081208/tools/bin/../lib/gcc/arm-none-eabi/7.3.1/thumb/v7-m/crtbegin.o
 *(.bss*)
 .bss.hadc1     0x0000000020000028       0x30 Core/Src/main.o
                0x0000000020000028                hadc1
 .bss.hi2c1     0x0000000020000058       0x54 Core/Src/main.o
                0x0000000020000058                hi2c1
 .bss.htim1     0x00000000200000ac       0x48 Core/Src/main.o
                0x00000000200000ac                htim1
 *(COMMON)
 COMMON         0x00000000200000f4        0x4 Drivers/STM32F1xx_HAL_Driver/Src/stm32f1xx_hal.o
                0x00000000200000f4                uwTick
                0x00000000200000f8                . = ALIGN (0x4)
                0x00000000200000f8                _ebss = .
                0x00000000200000f8                __bss_end__ = _ebss

._user_heap_stack
                0x00000000200000f8      0x600 load address 0x0000000008003d94
                0x00000000200000f8                . = ALIGN (0x8)
                [!provide]                        PROVIDE (end = .)
                0x00000000200000f8                PROVIDE (_end = .)
                0x00000000200002f8                . = (. + _Min_Heap_Size)
 *fill*         0x00000000200000f8      0x200 
                0x00000000200006f8                . = (. + _Min_Stack_Size)
 *fill*         0x00000000200002f8      0x400 
                0x00000000200006f8                . = ALIGN (0x8)

/DISCARD/
 libc.a(*)
 libm.a(*)
 libgcc.a(*)

.ARM.attributes
                0x0000000000000000       0x29
 *(.ARM.attributes)
 .ARM.attributes
                0x0000000000000000       0x1d c:/st/stm32cubeide_1.2.0/stm32cubeide/plugins/com.st.stm32cube.ide.mcu.externaltools.gnu-tools-for-stm32.7-2018-q2-update.win32_1.4.0.202007081208/tools/bin/../lib/gcc/arm-none-eabi/7.3.1/thumb/v7-m/crti.o
 .ARM.attributes
                0x000000000000001d       0x2d c:/st/stm32cubeide_1.2.0/stm32cubeide/plugins/com.st.stm32cube.ide.mcu.externaltools.gnu-tools-for-stm32.7-2018-q2-update.win32_1.4.0.202007081208/tools/bin/../lib/gcc/arm-none-eabi/7.3.1/thumb/v7-m/crtbegin.o
 .ARM.attributes
                0x000000000000004a       0x33 Core/Src/ADC.o
 .ARM.attributes
                0x000000000000007d       0x33 Core/Src/Buttons.o
 .ARM.attributes
                0x00000000000000b0       0x33 Core/Src/DAC.o
 .ARM.attributes
                0x00000000000000e3       0x33 Core/Src/main.o
 .ARM.attributes
                0x0000000000000116       0x33 Core/Src/stm32f1xx_hal_msp.o
 .ARM.attributes
                0x0000000000000149       0x33 Core/Src/stm32f1xx_it.o
 .ARM.attributes
                0x000000000000017c       0x33 Core/Src/system_stm32f1xx.o
 .ARM.attributes
                0x00000000000001af       0x21 Core/Startup/startup_stm32f103c8tx.o
 .ARM.attributes
                0x00000000000001d0       0x33 Drivers/STM32F1xx_HAL_Driver/Src/stm32f1xx_hal.o
 .ARM.attributes
                0x0000000000000203       0x33 Drivers/STM32F1xx_HAL_Driver/Src/stm32f1xx_hal_adc.o
 .ARM.attributes
                0x0000000000000236       0x33 Drivers/STM32F1xx_HAL_Driver/Src/stm32f1xx_hal_adc_ex.o
 .ARM.attributes
                0x0000000000000269       0x33 Drivers/STM32F1xx_HAL_Driver/Src/stm32f1xx_hal_cortex.o
 .ARM.attributes
                0x000000000000029c       0x33 Drivers/STM32F1xx_HAL_Driver/Src/stm32f1xx_hal_gpio.o
 .ARM.attributes
                0x00000000000002cf       0x33 Drivers/STM32F1xx_HAL_Driver/Src/stm32f1xx_hal_i2c.o
 .ARM.attributes
                0x0000000000000302       0x33 Drivers/STM32F1xx_HAL_Driver/Src/stm32f1xx_hal_rcc.o
 .ARM.attributes
                0x0000000000000335       0x33 Drivers/STM32F1xx_HAL_Driver/Src/stm32f1xx_hal_rcc_ex.o
 .ARM.attributes
                0x0000000000000368       0x33 Drivers/STM32F1xx_HAL_Driver/Src/stm32f1xx_hal_tim.o
 .ARM.attributes
                0x000000000000039b       0x33 Drivers/STM32F1xx_HAL_Driver/Src/stm32f1xx_hal_tim_ex.o
 .ARM.attributes
                0x00000000000003ce       0x2d c:/st/stm32cubeide_1.2.0/stm32cubeide/plugins/com.st.stm32cube.ide.mcu.externaltools.gnu-tools-for-stm32.7-2018-q2-update.win32_1.4.0.202007081208/tools/bin/../lib/gcc/arm-none-eabi/7.3.1/../../../../arm-none-eabi/lib/thumb/v7-m\libm.a(lib_a-sf_round.o)
 .ARM.attributes
                0x00000000000003fb       0x2d c:/st/stm32cubeide_1.2.0/stm32cubeide/plugins/com.st.stm32cube.ide.mcu.externaltools.gnu-tools-for-stm32.7-2018-q2-update.win32_1.4.0.202007081208/tools/bin/../lib/gcc/arm-none-eabi/7.3.1/../../../../arm-none-eabi/lib/thumb/v7-m\libc_nano.a(lib_a-init.o)
 .ARM.attributes
                0x0000000000000428       0x2d c:/st/stm32cubeide_1.2.0/stm32cubeide/plugins/com.st.stm32cube.ide.mcu.externaltools.gnu-tools-for-stm32.7-2018-q2-update.win32_1.4.0.202007081208/tools/bin/../lib/gcc/arm-none-eabi/7.3.1/../../../../arm-none-eabi/lib/thumb/v7-m\libc_nano.a(lib_a-memcpy-stub.o)
 .ARM.attributes
                0x0000000000000455       0x2d c:/st/stm32cubeide_1.2.0/stm32cubeide/plugins/com.st.stm32cube.ide.mcu.externaltools.gnu-tools-for-stm32.7-2018-q2-update.win32_1.4.0.202007081208/tools/bin/../lib/gcc/arm-none-eabi/7.3.1/../../../../arm-none-eabi/lib/thumb/v7-m\libc_nano.a(lib_a-memset.o)
 .ARM.attributes
                0x0000000000000482       0x1d c:/st/stm32cubeide_1.2.0/stm32cubeide/plugins/com.st.stm32cube.ide.mcu.externaltools.gnu-tools-for-stm32.7-2018-q2-update.win32_1.4.0.202007081208/tools/bin/../lib/gcc/arm-none-eabi/7.3.1/thumb/v7-m\libgcc.a(_arm_addsubdf3.o)
 .ARM.attributes
                0x000000000000049f       0x1d c:/st/stm32cubeide_1.2.0/stm32cubeide/plugins/com.st.stm32cube.ide.mcu.externaltools.gnu-tools-for-stm32.7-2018-q2-update.win32_1.4.0.202007081208/tools/bin/../lib/gcc/arm-none-eabi/7.3.1/thumb/v7-m\libgcc.a(_arm_cmpdf2.o)
 .ARM.attributes
                0x00000000000004bc       0x1d c:/st/stm32cubeide_1.2.0/stm32cubeide/plugins/com.st.stm32cube.ide.mcu.externaltools.gnu-tools-for-stm32.7-2018-q2-update.win32_1.4.0.202007081208/tools/bin/../lib/gcc/arm-none-eabi/7.3.1/thumb/v7-m\libgcc.a(_arm_addsubsf3.o)
 .ARM.attributes
                0x00000000000004d9       0x1d c:/st/stm32cubeide_1.2.0/stm32cubeide/plugins/com.st.stm32cube.ide.mcu.externaltools.gnu-tools-for-stm32.7-2018-q2-update.win32_1.4.0.202007081208/tools/bin/../lib/gcc/arm-none-eabi/7.3.1/thumb/v7-m\libgcc.a(_arm_muldivsf3.o)
 .ARM.attributes
                0x00000000000004f6       0x1d c:/st/stm32cubeide_1.2.0/stm32cubeide/plugins/com.st.stm32cube.ide.mcu.externaltools.gnu-tools-for-stm32.7-2018-q2-update.win32_1.4.0.202007081208/tools/bin/../lib/gcc/arm-none-eabi/7.3.1/thumb/v7-m\libgcc.a(_arm_fixunssfsi.o)
 .ARM.attributes
                0x0000000000000513       0x1d c:/st/stm32cubeide_1.2.0/stm32cubeide/plugins/com.st.stm32cube.ide.mcu.externaltools.gnu-tools-for-stm32.7-2018-q2-update.win32_1.4.0.202007081208/tools/bin/../lib/gcc/arm-none-eabi/7.3.1/thumb/v7-m/crtn.o
OUTPUT(E-Load.elf elf32-littlearm)

.debug_info     0x0000000000000000     0xfc70
 .debug_info    0x0000000000000000      0x6df Core/Src/ADC.o
 .debug_info    0x00000000000006df      0x614 Core/Src/Buttons.o
 .debug_info    0x0000000000000cf3     0x1877 Core/Src/DAC.o
 .debug_info    0x000000000000256a     0x270a Core/Src/main.o
 .debug_info    0x0000000000004c74      0xebe Core/Src/stm32f1xx_hal_msp.o
 .debug_info    0x0000000000005b32      0x20a Core/Src/stm32f1xx_it.o
 .debug_info    0x0000000000005d3c      0x29a Core/Src/system_stm32f1xx.o
 .debug_info    0x0000000000005fd6       0x22 Core/Startup/startup_stm32f103c8tx.o
 .debug_info    0x0000000000005ff8      0x714 Drivers/STM32F1xx_HAL_Driver/Src/stm32f1xx_hal.o
 .debug_info    0x000000000000670c      0xc6c Drivers/STM32F1xx_HAL_Driver/Src/stm32f1xx_hal_adc.o
 .debug_info    0x0000000000007378      0xa06 Drivers/STM32F1xx_HAL_Driver/Src/stm32f1xx_hal_adc_ex.o
 .debug_info    0x0000000000007d7e      0xb51 Drivers/STM32F1xx_HAL_Driver/Src/stm32f1xx_hal_cortex.o
 .debug_info    0x00000000000088cf      0x69b Drivers/STM32F1xx_HAL_Driver/Src/stm32f1xx_hal_gpio.o
 .debug_info    0x0000000000008f6a     0x2555 Drivers/STM32F1xx_HAL_Driver/Src/stm32f1xx_hal_i2c.o
 .debug_info    0x000000000000b4bf      0x80f Drivers/STM32F1xx_HAL_Driver/Src/stm32f1xx_hal_rcc.o
 .debug_info    0x000000000000bcce      0x444 Drivers/STM32F1xx_HAL_Driver/Src/stm32f1xx_hal_rcc_ex.o
 .debug_info    0x000000000000c112     0x27ef Drivers/STM32F1xx_HAL_Driver/Src/stm32f1xx_hal_tim.o
 .debug_info    0x000000000000e901     0x136f Drivers/STM32F1xx_HAL_Driver/Src/stm32f1xx_hal_tim_ex.o

.debug_abbrev   0x0000000000000000     0x245f
 .debug_abbrev  0x0000000000000000      0x1fb Core/Src/ADC.o
 .debug_abbrev  0x00000000000001fb      0x1f7 Core/Src/Buttons.o
 .debug_abbrev  0x00000000000003f2      0x395 Core/Src/DAC.o
 .debug_abbrev  0x0000000000000787      0x479 Core/Src/main.o
 .debug_abbrev  0x0000000000000c00      0x1b7 Core/Src/stm32f1xx_hal_msp.o
 .debug_abbrev  0x0000000000000db7       0xc6 Core/Src/stm32f1xx_it.o
 .debug_abbrev  0x0000000000000e7d      0x134 Core/Src/system_stm32f1xx.o
 .debug_abbrev  0x0000000000000fb1       0x12 Core/Startup/startup_stm32f103c8tx.o
 .debug_abbrev  0x0000000000000fc3      0x1c7 Drivers/STM32F1xx_HAL_Driver/Src/stm32f1xx_hal.o
 .debug_abbrev  0x000000000000118a      0x1d5 Drivers/STM32F1xx_HAL_Driver/Src/stm32f1xx_hal_adc.o
 .debug_abbrev  0x000000000000135f      0x1f5 Drivers/STM32F1xx_HAL_Driver/Src/stm32f1xx_hal_adc_ex.o
 .debug_abbrev  0x0000000000001554      0x2d5 Drivers/STM32F1xx_HAL_Driver/Src/stm32f1xx_hal_cortex.o
 .debug_abbrev  0x0000000000001829      0x1c0 Drivers/STM32F1xx_HAL_Driver/Src/stm32f1xx_hal_gpio.o
 .debug_abbrev  0x00000000000019e9      0x258 Drivers/STM32F1xx_HAL_Driver/Src/stm32f1xx_hal_i2c.o
 .debug_abbrev  0x0000000000001c41      0x243 Drivers/STM32F1xx_HAL_Driver/Src/stm32f1xx_hal_rcc.o
 .debug_abbrev  0x0000000000001e84      0x175 Drivers/STM32F1xx_HAL_Driver/Src/stm32f1xx_hal_rcc_ex.o
 .debug_abbrev  0x0000000000001ff9      0x230 Drivers/STM32F1xx_HAL_Driver/Src/stm32f1xx_hal_tim.o
 .debug_abbrev  0x0000000000002229      0x236 Drivers/STM32F1xx_HAL_Driver/Src/stm32f1xx_hal_tim_ex.o

.debug_aranges  0x0000000000000000      0xe28
 .debug_aranges
                0x0000000000000000       0x28 Core/Src/ADC.o
 .debug_aranges
                0x0000000000000028       0x28 Core/Src/Buttons.o
 .debug_aranges
                0x0000000000000050       0x40 Core/Src/DAC.o
 .debug_aranges
                0x0000000000000090       0x58 Core/Src/main.o
 .debug_aranges
                0x00000000000000e8       0x50 Core/Src/stm32f1xx_hal_msp.o
 .debug_aranges
                0x0000000000000138       0x60 Core/Src/stm32f1xx_it.o
 .debug_aranges
                0x0000000000000198       0x28 Core/Src/system_stm32f1xx.o
 .debug_aranges
                0x00000000000001c0       0x28 Core/Startup/startup_stm32f103c8tx.o
 .debug_aranges
                0x00000000000001e8       0xe0 Drivers/STM32F1xx_HAL_Driver/Src/stm32f1xx_hal.o
 .debug_aranges
                0x00000000000002c8       0xf0 Drivers/STM32F1xx_HAL_Driver/Src/stm32f1xx_hal_adc.o
 .debug_aranges
                0x00000000000003b8       0x80 Drivers/STM32F1xx_HAL_Driver/Src/stm32f1xx_hal_adc_ex.o
 .debug_aranges
                0x0000000000000438      0x100 Drivers/STM32F1xx_HAL_Driver/Src/stm32f1xx_hal_cortex.o
 .debug_aranges
                0x0000000000000538       0x58 Drivers/STM32F1xx_HAL_Driver/Src/stm32f1xx_hal_gpio.o
 .debug_aranges
                0x0000000000000590      0x2a0 Drivers/STM32F1xx_HAL_Driver/Src/stm32f1xx_hal_i2c.o
 .debug_aranges
                0x0000000000000830       0x90 Drivers/STM32F1xx_HAL_Driver/Src/stm32f1xx_hal_rcc.o
 .debug_aranges
                0x00000000000008c0       0x30 Drivers/STM32F1xx_HAL_Driver/Src/stm32f1xx_hal_rcc_ex.o
 .debug_aranges
                0x00000000000008f0      0x3d0 Drivers/STM32F1xx_HAL_Driver/Src/stm32f1xx_hal_tim.o
 .debug_aranges
                0x0000000000000cc0      0x168 Drivers/STM32F1xx_HAL_Driver/Src/stm32f1xx_hal_tim_ex.o

.debug_ranges   0x0000000000000000      0xd38
 .debug_ranges  0x0000000000000000       0x18 Core/Src/ADC.o
 .debug_ranges  0x0000000000000018       0x18 Core/Src/Buttons.o
 .debug_ranges  0x0000000000000030       0x30 Core/Src/DAC.o
 .debug_ranges  0x0000000000000060       0x48 Core/Src/main.o
 .debug_ranges  0x00000000000000a8       0x40 Core/Src/stm32f1xx_hal_msp.o
 .debug_ranges  0x00000000000000e8       0x50 Core/Src/stm32f1xx_it.o
 .debug_ranges  0x0000000000000138       0x18 Core/Src/system_stm32f1xx.o
 .debug_ranges  0x0000000000000150       0x20 Core/Startup/startup_stm32f103c8tx.o
 .debug_ranges  0x0000000000000170       0xd0 Drivers/STM32F1xx_HAL_Driver/Src/stm32f1xx_hal.o
 .debug_ranges  0x0000000000000240       0xe0 Drivers/STM32F1xx_HAL_Driver/Src/stm32f1xx_hal_adc.o
 .debug_ranges  0x0000000000000320       0x70 Drivers/STM32F1xx_HAL_Driver/Src/stm32f1xx_hal_adc_ex.o
 .debug_ranges  0x0000000000000390       0xf0 Drivers/STM32F1xx_HAL_Driver/Src/stm32f1xx_hal_cortex.o
 .debug_ranges  0x0000000000000480       0x48 Drivers/STM32F1xx_HAL_Driver/Src/stm32f1xx_hal_gpio.o
 .debug_ranges  0x00000000000004c8      0x2b8 Drivers/STM32F1xx_HAL_Driver/Src/stm32f1xx_hal_i2c.o
 .debug_ranges  0x0000000000000780       0x80 Drivers/STM32F1xx_HAL_Driver/Src/stm32f1xx_hal_rcc.o
 .debug_ranges  0x0000000000000800       0x20 Drivers/STM32F1xx_HAL_Driver/Src/stm32f1xx_hal_rcc_ex.o
 .debug_ranges  0x0000000000000820      0x3c0 Drivers/STM32F1xx_HAL_Driver/Src/stm32f1xx_hal_tim.o
 .debug_ranges  0x0000000000000be0      0x158 Drivers/STM32F1xx_HAL_Driver/Src/stm32f1xx_hal_tim_ex.o

.debug_macro    0x0000000000000000    0x1ab29
 .debug_macro   0x0000000000000000      0x1d5 Core/Src/ADC.o
 .debug_macro   0x00000000000001d5      0xb2c Core/Src/ADC.o
 .debug_macro   0x0000000000000d01      0x221 Core/Src/ADC.o
 .debug_macro   0x0000000000000f22       0x2e Core/Src/ADC.o
 .debug_macro   0x0000000000000f50       0x22 Core/Src/ADC.o
 .debug_macro   0x0000000000000f72       0x1c Core/Src/ADC.o
 .debug_macro   0x0000000000000f8e       0x22 Core/Src/ADC.o
 .debug_macro   0x0000000000000fb0       0x8e Core/Src/ADC.o
 .debug_macro   0x000000000000103e       0x51 Core/Src/ADC.o
 .debug_macro   0x000000000000108f       0xef Core/Src/ADC.o
 .debug_macro   0x000000000000117e       0x6a Core/Src/ADC.o
 .debug_macro   0x00000000000011e8      0x1df Core/Src/ADC.o
 .debug_macro   0x00000000000013c7       0x1c Core/Src/ADC.o
 .debug_macro   0x00000000000013e3       0x22 Core/Src/ADC.o
 .debug_macro   0x0000000000001405       0xc3 Core/Src/ADC.o
 .debug_macro   0x00000000000014c8      0xd23 Core/Src/ADC.o
 .debug_macro   0x00000000000021eb     0xe097 Core/Src/ADC.o
 .debug_macro   0x0000000000010282       0x43 Core/Src/ADC.o
 .debug_macro   0x00000000000102c5     0x3468 Core/Src/ADC.o
 .debug_macro   0x000000000001372d      0x17b Core/Src/ADC.o
 .debug_macro   0x00000000000138a8       0x5c Core/Src/ADC.o
 .debug_macro   0x0000000000013904      0x5be Core/Src/ADC.o
 .debug_macro   0x0000000000013ec2      0x289 Core/Src/ADC.o
 .debug_macro   0x000000000001414b      0x1cb Core/Src/ADC.o
 .debug_macro   0x0000000000014316      0x114 Core/Src/ADC.o
 .debug_macro   0x000000000001442a      0x1b2 Core/Src/ADC.o
 .debug_macro   0x00000000000145dc       0x27 Core/Src/ADC.o
 .debug_macro   0x0000000000014603      0x136 Core/Src/ADC.o
 .debug_macro   0x0000000000014739      0x1bc Core/Src/ADC.o
 .debug_macro   0x00000000000148f5       0x34 Core/Src/ADC.o
 .debug_macro   0x0000000000014929       0x3c Core/Src/ADC.o
 .debug_macro   0x0000000000014965       0x57 Core/Src/ADC.o
 .debug_macro   0x00000000000149bc      0x46a Core/Src/ADC.o
 .debug_macro   0x0000000000014e26      0x1b5 Core/Src/ADC.o
 .debug_macro   0x0000000000014fdb       0x88 Core/Src/ADC.o
 .debug_macro   0x0000000000015063      0x241 Core/Src/ADC.o
 .debug_macro   0x00000000000152a4      0x287 Core/Src/ADC.o
 .debug_macro   0x000000000001552b      0x141 Core/Src/ADC.o
 .debug_macro   0x000000000001566c      0x8d1 Core/Src/ADC.o
 .debug_macro   0x0000000000015f3d       0x83 Core/Src/ADC.o
 .debug_macro   0x0000000000015fc0       0x4c Core/Src/ADC.o
 .debug_macro   0x000000000001600c      0x206 Core/Src/Buttons.o
 .debug_macro   0x0000000000016212      0x168 Core/Src/Buttons.o
 .debug_macro   0x000000000001637a       0x10 Core/Src/Buttons.o
 .debug_macro   0x000000000001638a      0x3f4 Core/Src/Buttons.o
 .debug_macro   0x000000000001677e      0x30a Core/Src/DAC.o
 .debug_macro   0x0000000000016a88       0x18 Core/Src/DAC.o
 .debug_macro   0x0000000000016aa0       0x46 Core/Src/DAC.o
 .debug_macro   0x0000000000016ae6       0x18 Core/Src/DAC.o
 .debug_macro   0x0000000000016afe       0x3c Core/Src/DAC.o
 .debug_macro   0x0000000000016b3a       0x34 Core/Src/DAC.o
 .debug_macro   0x0000000000016b6e       0x52 Core/Src/DAC.o
 .debug_macro   0x0000000000016bc0       0x1f Core/Src/DAC.o
 .debug_macro   0x0000000000016bdf       0x43 Core/Src/DAC.o
 .debug_macro   0x0000000000016c22       0x20 Core/Src/DAC.o
 .debug_macro   0x0000000000016c42      0x1a3 Core/Src/DAC.o
 .debug_macro   0x0000000000016de5      0x34d Core/Src/DAC.o
 .debug_macro   0x0000000000017132      0x1da Core/Src/DAC.o
 .debug_macro   0x000000000001730c       0x10 Core/Src/DAC.o
 .debug_macro   0x000000000001731c       0x16 Core/Src/DAC.o
 .debug_macro   0x0000000000017332       0x35 Core/Src/DAC.o
 .debug_macro   0x0000000000017367       0x16 Core/Src/DAC.o
 .debug_macro   0x000000000001737d       0x29 Core/Src/DAC.o
 .debug_macro   0x00000000000173a6       0x10 Core/Src/DAC.o
 .debug_macro   0x00000000000173b6      0x3c7 Core/Src/DAC.o
 .debug_macro   0x000000000001777d      0x330 Core/Src/main.o
 .debug_macro   0x0000000000017aad      0x1c6 Core/Src/stm32f1xx_hal_msp.o
 .debug_macro   0x0000000000017c73      0xa5a Core/Src/stm32f1xx_hal_msp.o
 .debug_macro   0x00000000000186cd      0xd23 Core/Src/stm32f1xx_hal_msp.o
 .debug_macro   0x00000000000193f0      0x174 Core/Src/stm32f1xx_hal_msp.o
 .debug_macro   0x0000000000019564      0x1d0 Core/Src/stm32f1xx_it.o
 .debug_macro   0x0000000000019734      0x1b7 Core/Src/system_stm32f1xx.o
 .debug_macro   0x00000000000198eb      0x1db Drivers/STM32F1xx_HAL_Driver/Src/stm32f1xx_hal.o
 .debug_macro   0x0000000000019ac6      0x1d4 Drivers/STM32F1xx_HAL_Driver/Src/stm32f1xx_hal_adc.o
 .debug_macro   0x0000000000019c9a      0x1c9 Drivers/STM32F1xx_HAL_Driver/Src/stm32f1xx_hal_adc_ex.o
 .debug_macro   0x0000000000019e63      0x1b7 Drivers/STM32F1xx_HAL_Driver/Src/stm32f1xx_hal_cortex.o
 .debug_macro   0x000000000001a01a      0x222 Drivers/STM32F1xx_HAL_Driver/Src/stm32f1xx_hal_gpio.o
 .debug_macro   0x000000000001a23c      0x1fe Drivers/STM32F1xx_HAL_Driver/Src/stm32f1xx_hal_i2c.o
 .debug_macro   0x000000000001a43a      0x1c9 Drivers/STM32F1xx_HAL_Driver/Src/stm32f1xx_hal_rcc.o
 .debug_macro   0x000000000001a603      0x1b7 Drivers/STM32F1xx_HAL_Driver/Src/stm32f1xx_hal_rcc_ex.o
 .debug_macro   0x000000000001a7ba      0x1b8 Drivers/STM32F1xx_HAL_Driver/Src/stm32f1xx_hal_tim.o
 .debug_macro   0x000000000001a972      0x1b7 Drivers/STM32F1xx_HAL_Driver/Src/stm32f1xx_hal_tim_ex.o

.debug_line     0x0000000000000000     0xce61
 .debug_line    0x0000000000000000      0x6ce Core/Src/ADC.o
 .debug_line    0x00000000000006ce      0x8f2 Core/Src/Buttons.o
 .debug_line    0x0000000000000fc0      0xc1d Core/Src/DAC.o
 .debug_line    0x0000000000001bdd      0xcea Core/Src/main.o
 .debug_line    0x00000000000028c7      0x72a Core/Src/stm32f1xx_hal_msp.o
 .debug_line    0x0000000000002ff1      0x74d Core/Src/stm32f1xx_it.o
 .debug_line    0x000000000000373e      0x6cf Core/Src/system_stm32f1xx.o
 .debug_line    0x0000000000003e0d       0x84 Core/Startup/startup_stm32f103c8tx.o
 .debug_line    0x0000000000003e91      0x882 Drivers/STM32F1xx_HAL_Driver/Src/stm32f1xx_hal.o
 .debug_line    0x0000000000004713      0xbd3 Drivers/STM32F1xx_HAL_Driver/Src/stm32f1xx_hal_adc.o
 .debug_line    0x00000000000052e6      0xa16 Drivers/STM32F1xx_HAL_Driver/Src/stm32f1xx_hal_adc_ex.o
 .debug_line    0x0000000000005cfc      0x959 Drivers/STM32F1xx_HAL_Driver/Src/stm32f1xx_hal_cortex.o
 .debug_line    0x0000000000006655      0x87e Drivers/STM32F1xx_HAL_Driver/Src/stm32f1xx_hal_gpio.o
 .debug_line    0x0000000000006ed3     0x1c28 Drivers/STM32F1xx_HAL_Driver/Src/stm32f1xx_hal_i2c.o
 .debug_line    0x0000000000008afb      0x942 Drivers/STM32F1xx_HAL_Driver/Src/stm32f1xx_hal_rcc.o
 .debug_line    0x000000000000943d      0x760 Drivers/STM32F1xx_HAL_Driver/Src/stm32f1xx_hal_rcc_ex.o
 .debug_line    0x0000000000009b9d     0x1fdb Drivers/STM32F1xx_HAL_Driver/Src/stm32f1xx_hal_tim.o
 .debug_line    0x000000000000bb78     0x12e9 Drivers/STM32F1xx_HAL_Driver/Src/stm32f1xx_hal_tim_ex.o

.debug_str      0x0000000000000000    0x911f0
 .debug_str     0x0000000000000000    0x87b1c Core/Src/ADC.o
                                      0x87fb4 (size before relaxing)
 .debug_str     0x0000000000087b1c     0x18d8 Core/Src/Buttons.o
                                      0x89501 (size before relaxing)
 .debug_str     0x00000000000893f4     0x40a1 Core/Src/DAC.o
                                      0x8d71a (size before relaxing)
 .debug_str     0x000000000008d495      0x68f Core/Src/main.o
                                      0x8e451 (size before relaxing)
 .debug_str     0x000000000008db24      0x28e Core/Src/stm32f1xx_hal_msp.o
                                      0x8806a (size before relaxing)
 .debug_str     0x000000000008ddb2       0xbd Core/Src/stm32f1xx_it.o
                                      0x8774c (size before relaxing)
 .debug_str     0x000000000008de6f       0x52 Core/Src/system_stm32f1xx.o
                                      0x87633 (size before relaxing)
 .debug_str     0x000000000008dec1       0x36 Core/Startup/startup_stm32f103c8tx.o
                                         0x6f (size before relaxing)
 .debug_str     0x000000000008def7      0x556 Drivers/STM32F1xx_HAL_Driver/Src/stm32f1xx_hal.o
                                      0x87cc4 (size before relaxing)
 .debug_str     0x000000000008e44d      0x357 Drivers/STM32F1xx_HAL_Driver/Src/stm32f1xx_hal_adc.o
                                      0x87cc3 (size before relaxing)
 .debug_str     0x000000000008e7a4      0x2fb Drivers/STM32F1xx_HAL_Driver/Src/stm32f1xx_hal_adc_ex.o
                                      0x87c78 (size before relaxing)
 .debug_str     0x000000000008ea9f      0x300 Drivers/STM32F1xx_HAL_Driver/Src/stm32f1xx_hal_cortex.o
                                      0x87ccc (size before relaxing)
 .debug_str     0x000000000008ed9f      0x316 Drivers/STM32F1xx_HAL_Driver/Src/stm32f1xx_hal_gpio.o
                                      0x879f7 (size before relaxing)
 .debug_str     0x000000000008f0b5      0xb44 Drivers/STM32F1xx_HAL_Driver/Src/stm32f1xx_hal_i2c.o
                                      0x8866f (size before relaxing)
 .debug_str     0x000000000008fbf9      0x244 Drivers/STM32F1xx_HAL_Driver/Src/stm32f1xx_hal_rcc.o
                                      0x87a30 (size before relaxing)
 .debug_str     0x000000000008fe3d       0xb9 Drivers/STM32F1xx_HAL_Driver/Src/stm32f1xx_hal_rcc_ex.o
                                      0x877bd (size before relaxing)
 .debug_str     0x000000000008fef6      0xde3 Drivers/STM32F1xx_HAL_Driver/Src/stm32f1xx_hal_tim.o
                                      0x88a02 (size before relaxing)
 .debug_str     0x0000000000090cd9      0x517 Drivers/STM32F1xx_HAL_Driver/Src/stm32f1xx_hal_tim_ex.o
                                      0x881dc (size before relaxing)

.comment        0x0000000000000000       0x7b
 .comment       0x0000000000000000       0x7b Core/Src/ADC.o
                                         0x7c (size before relaxing)
 .comment       0x000000000000007b       0x7c Core/Src/Buttons.o
 .comment       0x000000000000007b       0x7c Core/Src/DAC.o
 .comment       0x000000000000007b       0x7c Core/Src/main.o
 .comment       0x000000000000007b       0x7c Core/Src/stm32f1xx_hal_msp.o
 .comment       0x000000000000007b       0x7c Core/Src/stm32f1xx_it.o
 .comment       0x000000000000007b       0x7c Core/Src/system_stm32f1xx.o
 .comment       0x000000000000007b       0x7c Drivers/STM32F1xx_HAL_Driver/Src/stm32f1xx_hal.o
 .comment       0x000000000000007b       0x7c Drivers/STM32F1xx_HAL_Driver/Src/stm32f1xx_hal_adc.o
 .comment       0x000000000000007b       0x7c Drivers/STM32F1xx_HAL_Driver/Src/stm32f1xx_hal_adc_ex.o
 .comment       0x000000000000007b       0x7c Drivers/STM32F1xx_HAL_Driver/Src/stm32f1xx_hal_cortex.o
 .comment       0x000000000000007b       0x7c Drivers/STM32F1xx_HAL_Driver/Src/stm32f1xx_hal_gpio.o
 .comment       0x000000000000007b       0x7c Drivers/STM32F1xx_HAL_Driver/Src/stm32f1xx_hal_i2c.o
 .comment       0x000000000000007b       0x7c Drivers/STM32F1xx_HAL_Driver/Src/stm32f1xx_hal_rcc.o
 .comment       0x000000000000007b       0x7c Drivers/STM32F1xx_HAL_Driver/Src/stm32f1xx_hal_rcc_ex.o
 .comment       0x000000000000007b       0x7c Drivers/STM32F1xx_HAL_Driver/Src/stm32f1xx_hal_tim.o
 .comment       0x000000000000007b       0x7c Drivers/STM32F1xx_HAL_Driver/Src/stm32f1xx_hal_tim_ex.o

.debug_frame    0x0000000000000000     0x3da8
 .debug_frame   0x0000000000000000       0x6c Core/Src/ADC.o
 .debug_frame   0x000000000000006c       0x5c Core/Src/Buttons.o
 .debug_frame   0x00000000000000c8       0xdc Core/Src/DAC.o
 .debug_frame   0x00000000000001a4      0x138 Core/Src/main.o
 .debug_frame   0x00000000000002dc      0x118 Core/Src/stm32f1xx_hal_msp.o
 .debug_frame   0x00000000000003f4      0x10c Core/Src/stm32f1xx_it.o
 .debug_frame   0x0000000000000500       0x58 Core/Src/system_stm32f1xx.o
 .debug_frame   0x0000000000000558      0x334 Drivers/STM32F1xx_HAL_Driver/Src/stm32f1xx_hal.o
 .debug_frame   0x000000000000088c      0x40c Drivers/STM32F1xx_HAL_Driver/Src/stm32f1xx_hal_adc.o
 .debug_frame   0x0000000000000c98      0x204 Drivers/STM32F1xx_HAL_Driver/Src/stm32f1xx_hal_adc_ex.o
 .debug_frame   0x0000000000000e9c      0x428 Drivers/STM32F1xx_HAL_Driver/Src/stm32f1xx_hal_cortex.o
 .debug_frame   0x00000000000012c4      0x14c Drivers/STM32F1xx_HAL_Driver/Src/stm32f1xx_hal_gpio.o
 .debug_frame   0x0000000000001410      0xc54 Drivers/STM32F1xx_HAL_Driver/Src/stm32f1xx_hal_i2c.o
 .debug_frame   0x0000000000002064      0x21c Drivers/STM32F1xx_HAL_Driver/Src/stm32f1xx_hal_rcc.o
 .debug_frame   0x0000000000002280       0x84 Drivers/STM32F1xx_HAL_Driver/Src/stm32f1xx_hal_rcc_ex.o
 .debug_frame   0x0000000000002304     0x11b8 Drivers/STM32F1xx_HAL_Driver/Src/stm32f1xx_hal_tim.o
 .debug_frame   0x00000000000034bc      0x638 Drivers/STM32F1xx_HAL_Driver/Src/stm32f1xx_hal_tim_ex.o
 .debug_frame   0x0000000000003af4       0x28 c:/st/stm32cubeide_1.2.0/stm32cubeide/plugins/com.st.stm32cube.ide.mcu.externaltools.gnu-tools-for-stm32.7-2018-q2-update.win32_1.4.0.202007081208/tools/bin/../lib/gcc/arm-none-eabi/7.3.1/../../../../arm-none-eabi/lib/thumb/v7-m\libm.a(lib_a-sf_round.o)
 .debug_frame   0x0000000000003b1c       0x2c c:/st/stm32cubeide_1.2.0/stm32cubeide/plugins/com.st.stm32cube.ide.mcu.externaltools.gnu-tools-for-stm32.7-2018-q2-update.win32_1.4.0.202007081208/tools/bin/../lib/gcc/arm-none-eabi/7.3.1/../../../../arm-none-eabi/lib/thumb/v7-m\libc_nano.a(lib_a-init.o)
 .debug_frame   0x0000000000003b48       0x28 c:/st/stm32cubeide_1.2.0/stm32cubeide/plugins/com.st.stm32cube.ide.mcu.externaltools.gnu-tools-for-stm32.7-2018-q2-update.win32_1.4.0.202007081208/tools/bin/../lib/gcc/arm-none-eabi/7.3.1/../../../../arm-none-eabi/lib/thumb/v7-m\libc_nano.a(lib_a-memcpy-stub.o)
 .debug_frame   0x0000000000003b70       0x20 c:/st/stm32cubeide_1.2.0/stm32cubeide/plugins/com.st.stm32cube.ide.mcu.externaltools.gnu-tools-for-stm32.7-2018-q2-update.win32_1.4.0.202007081208/tools/bin/../lib/gcc/arm-none-eabi/7.3.1/../../../../arm-none-eabi/lib/thumb/v7-m\libc_nano.a(lib_a-memset.o)
 .debug_frame   0x0000000000003b90       0xac c:/st/stm32cubeide_1.2.0/stm32cubeide/plugins/com.st.stm32cube.ide.mcu.externaltools.gnu-tools-for-stm32.7-2018-q2-update.win32_1.4.0.202007081208/tools/bin/../lib/gcc/arm-none-eabi/7.3.1/thumb/v7-m\libgcc.a(_arm_addsubdf3.o)
 .debug_frame   0x0000000000003c3c       0xc4 c:/st/stm32cubeide_1.2.0/stm32cubeide/plugins/com.st.stm32cube.ide.mcu.externaltools.gnu-tools-for-stm32.7-2018-q2-update.win32_1.4.0.202007081208/tools/bin/../lib/gcc/arm-none-eabi/7.3.1/thumb/v7-m\libgcc.a(_arm_cmpdf2.o)
 .debug_frame   0x0000000000003d00       0x4c c:/st/stm32cubeide_1.2.0/stm32cubeide/plugins/com.st.stm32cube.ide.mcu.externaltools.gnu-tools-for-stm32.7-2018-q2-update.win32_1.4.0.202007081208/tools/bin/../lib/gcc/arm-none-eabi/7.3.1/thumb/v7-m\libgcc.a(_arm_addsubsf3.o)
 .debug_frame   0x0000000000003d4c       0x38 c:/st/stm32cubeide_1.2.0/stm32cubeide/plugins/com.st.stm32cube.ide.mcu.externaltools.gnu-tools-for-stm32.7-2018-q2-update.win32_1.4.0.202007081208/tools/bin/../lib/gcc/arm-none-eabi/7.3.1/thumb/v7-m\libgcc.a(_arm_muldivsf3.o)
 .debug_frame   0x0000000000003d84       0x24 c:/st/stm32cubeide_1.2.0/stm32cubeide/plugins/com.st.stm32cube.ide.mcu.externaltools.gnu-tools-for-stm32.7-2018-q2-update.win32_1.4.0.202007081208/tools/bin/../lib/gcc/arm-none-eabi/7.3.1/thumb/v7-m\libgcc.a(_arm_fixunssfsi.o)
